[2026-07-29T22:18:55.779Z] NAV http://localhost:3004/chat
[2026-07-29T22:18:56.909Z] chat-ou-login: networkidle atingido em http://localhost:3004/chat
[2026-07-29T22:18:57.116Z] chat-inicial: networkidle atingido em http://localhost:3004/chat
[2026-07-29T22:18:57.379Z] ANTES nova-conversa: http://localhost:3004/chat
[2026-07-29T22:18:57.380Z] NAV http://localhost:3004/chat
[2026-07-29T22:19:01.245Z] NAV http://localhost:3004/chat
[2026-07-29T22:19:02.533Z] NAV http://localhost:3004/chat
[2026-07-29T22:19:02.838Z] NAV http://localhost:3004/chat
[2026-07-29T22:19:03.051Z] DEPOIS nova-conversa: http://localhost:3004/chat
[2026-07-29T22:19:03.052Z] ANTES explorar-uma-ideia: http://localhost:3004/chat
[2026-07-29T22:19:03.536Z] NAV http://localhost:3004/chat
[2026-07-29T22:19:05.852Z] NAV http://localhost:3004/chat
[2026-07-29T22:19:08.481Z] DEPOIS explorar-uma-ideia: http://localhost:3004/chat
[2026-07-29T22:19:08.482Z] ANTES criar-algo: http://localhost:3004/chat
[2026-07-29T22:19:08.839Z] NAV http://localhost:3004/chat
[2026-07-29T22:19:11.086Z] NAV http://localhost:3004/chat
[2026-07-29T22:19:13.837Z] DEPOIS criar-algo: http://localhost:3004/chat
[2026-07-29T22:19:13.837Z] ANTES pensar-com-clareza: http://localhost:3004/chat
[2026-07-29T22:19:14.265Z] NAV http://localhost:3004/chat
[2026-07-29T22:19:16.833Z] NAV http://localhost:3004/chat
[2026-07-29T22:19:19.232Z] DEPOIS pensar-com-clareza: http://localhost:3004/chat
[2026-07-29T22:19:19.232Z] ANTES campo-mensagem: http://localhost:3004/chat
[2026-07-29T22:19:19.703Z] NAV http://localhost:3004/chat
[2026-07-29T22:19:21.848Z] NAV http://localhost:3004/chat
[2026-07-29T22:19:24.584Z] DEPOIS campo-mensagem: http://localhost:3004/chat