[2026-07-29T19:04:23.759Z] NAV http://localhost:3003/chat
[2026-07-29T19:04:24.479Z] NAV http://localhost:3003/chat
[2026-07-29T19:04:25.128Z] NAV http://localhost:3003/chat
[2026-07-29T19:04:25.357Z] NAV http://localhost:3003/chat
[2026-07-29T19:04:25.447Z] NAV http://localhost:3003/chat
[2026-07-29T19:04:25.820Z] NAV http://localhost:3003/chat
[2026-07-29T19:04:25.913Z] NAV http://localhost:3003/chat
[2026-07-29T19:04:26.253Z] NAV http://localhost:3003/chat
[2026-07-29T19:04:26.447Z] NAV http://localhost:3003/chat
[2026-07-29T19:04:26.720Z] NAV http://localhost:3003/chat
[2026-07-29T19:04:27.192Z] NAV http://localhost:3003/chat
[2026-07-29T19:04:27.500Z] NAV http://localhost:3003/chat
[2026-07-29T19:04:28.125Z] NAV http://localhost:3003/chat
[2026-07-29T19:04:28.394Z] NAV http://localhost:3003/chat
[2026-07-29T19:04:28.906Z] NAV http://localhost:3003/chat
[2026-07-29T19:04:29.144Z] NAV http://localhost:3003/chat
[2026-07-29T19:04:29.184Z] chat-ou-login: networkidle NAO atingido em http://localhost:3003/chat
[2026-07-29T19:04:29.632Z] NAV http://localhost:3003/chat
[2026-07-29T19:04:29.855Z] NAV http://localhost:3003/chat
[2026-07-29T19:04:30.081Z] NAV http://localhost:3003/chat
[2026-07-29T19:04:30.471Z] NAV http://localhost:3003/chat
[2026-07-29T19:04:31.004Z] NAV http://localhost:3003/chat
[2026-07-29T19:04:31.348Z] NAV http://localhost:3003/chat
[2026-07-29T19:04:31.894Z] NAV http://localhost:3003/chat
[2026-07-29T19:04:32.171Z] NAV http://localhost:3003/chat
[2026-07-29T19:04:32.645Z] NAV http://localhost:3003/chat
[2026-07-29T19:04:32.899Z] NAV http://localhost:3003/chat
[2026-07-29T19:04:33.500Z] NAV http://localhost:3003/chat
[2026-07-29T19:04:33.750Z] NAV http://localhost:3003/chat
[2026-07-29T19:04:34.024Z] NAV http://localhost:3003/chat
[2026-07-29T19:04:34.186Z] chat-inicial: networkidle NAO atingido em http://localhost:3003/chat
[2026-07-29T19:04:34.248Z] ANTES nova-conversa: http://localhost:3003/chat
[2026-07-29T19:04:34.349Z] NAV http://localhost:3003/chat
[2026-07-29T19:04:35.075Z] NAV http://localhost:3003/chat
[2026-07-29T19:04:35.338Z] NAV http://localhost:3003/chat
[2026-07-29T19:04:35.843Z] NAV http://localhost:3003/chat
[2026-07-29T19:04:36.094Z] NAV http://localhost:3003/chat
[2026-07-29T19:04:36.732Z] NAV http://localhost:3003/chat
[2026-07-29T19:04:37.035Z] NAV http://localhost:3003/chat
[2026-07-29T19:04:37.260Z] NAV http://localhost:3003/chat
[2026-07-29T19:04:37.534Z] NAV http://localhost:3003/chat
[2026-07-29T19:04:38.033Z] NAV http://localhost:3003/chat
[2026-07-29T19:04:38.318Z] NAV http://localhost:3003/chat
[2026-07-29T19:04:38.531Z] NAV http://localhost:3003/chat
[2026-07-29T19:04:38.816Z] NAV http://localhost:3003/chat
[2026-07-29T19:04:39.255Z] NAV http://localhost:3003/chat
[2026-07-29T19:04:39.569Z] NAV http://localhost:3003/chat
[2026-07-29T19:04:40.130Z] NAV http://localhost:3003/chat
[2026-07-29T19:04:40.437Z] NAV http://localhost:3003/chat
[2026-07-29T19:04:40.953Z] NAV http://localhost:3003/chat
[2026-07-29T19:04:41.198Z] NAV http://localhost:3003/chat
[2026-07-29T19:04:41.692Z] NAV http://localhost:3003/chat
[2026-07-29T19:04:42.104Z] NAV http://localhost:3003/chat
[2026-07-29T19:04:42.110Z] DEPOIS nova-conversa: http://localhost:3003/chat
[2026-07-29T19:04:42.110Z] ANTES explorar-uma-ideia: http://localhost:3003/chat
[2026-07-29T19:04:42.320Z] NAV http://localhost:3003/chat
[2026-07-29T19:04:42.886Z] NAV http://localhost:3003/chat
[2026-07-29T19:04:43.583Z] NAV http://localhost:3003/chat
[2026-07-29T19:04:43.860Z] NAV http://localhost:3003/chat
[2026-07-29T19:04:44.004Z] NAV http://localhost:3003/chat
[2026-07-29T19:04:44.366Z] NAV http://localhost:3003/chat
[2026-07-29T19:04:44.636Z] NAV http://localhost:3003/chat
[2026-07-29T19:04:45.037Z] NAV http://localhost:3003/chat
[2026-07-29T19:04:45.666Z] NAV http://localhost:3003/chat
[2026-07-29T19:04:45.912Z] NAV http://localhost:3003/chat
[2026-07-29T19:04:46.084Z] NAV http://localhost:3003/chat
[2026-07-29T19:04:46.499Z] NAV http://localhost:3003/chat
[2026-07-29T19:04:46.735Z] NAV http://localhost:3003/chat
[2026-07-29T19:04:47.111Z] NAV http://localhost:3003/chat
[2026-07-29T19:04:47.727Z] NAV http://localhost:3003/chat
[2026-07-29T19:04:48.101Z] NAV http://localhost:3003/chat
[2026-07-29T19:04:48.302Z] NAV http://localhost:3003/chat
[2026-07-29T19:04:48.592Z] NAV http://localhost:3003/chat
[2026-07-29T19:04:49.522Z] NAV http://localhost:3003/chat
[2026-07-29T19:04:49.792Z] NAV http://localhost:3003/chat
[2026-07-29T19:04:50.185Z] NAV http://localhost:3003/chat
[2026-07-29T19:04:50.443Z] NAV http://localhost:3003/chat
[2026-07-29T19:04:51.062Z] NAV http://localhost:3003/chat
[2026-07-29T19:04:51.318Z] DEPOIS explorar-uma-ideia: http://localhost:3003/chat
[2026-07-29T19:04:51.318Z] ANTES criar-algo: http://localhost:3003/chat
[2026-07-29T19:04:51.414Z] NAV http://localhost:3003/chat
[2026-07-29T19:04:52.009Z] NAV http://localhost:3003/chat
[2026-07-29T19:04:52.236Z] NAV http://localhost:3003/chat
[2026-07-29T19:04:52.825Z] NAV http://localhost:3003/chat
[2026-07-29T19:04:53.110Z] NAV http://localhost:3003/chat
[2026-07-29T19:04:53.702Z] NAV http://localhost:3003/chat
[2026-07-29T19:04:53.908Z] NAV http://localhost:3003/chat
[2026-07-29T19:04:54.507Z] NAV http://localhost:3003/chat
[2026-07-29T19:04:54.814Z] NAV http://localhost:3003/chat
[2026-07-29T19:04:55.249Z] NAV http://localhost:3003/chat
[2026-07-29T19:04:55.588Z] NAV http://localhost:3003/chat
[2026-07-29T19:04:55.942Z] NAV http://localhost:3003/chat
[2026-07-29T19:04:56.185Z] NAV http://localhost:3003/chat
[2026-07-29T19:04:56.711Z] NAV http://localhost:3003/chat
[2026-07-29T19:04:56.970Z] NAV http://localhost:3003/chat
[2026-07-29T19:04:57.367Z] NAV http://localhost:3003/chat
[2026-07-29T19:04:57.626Z] NAV http://localhost:3003/chat
[2026-07-29T19:04:58.401Z] NAV http://localhost:3003/chat
[2026-07-29T19:04:58.924Z] NAV http://localhost:3003/chat
[2026-07-29T19:04:58.936Z] DEPOIS criar-algo: http://localhost:3003/chat
[2026-07-29T19:04:58.936Z] ANTES pensar-com-clareza: http://localhost:3003/chat
[2026-07-29T19:04:59.125Z] NAV http://localhost:3003/chat
[2026-07-29T19:04:59.748Z] NAV http://localhost:3003/chat
[2026-07-29T19:05:00.403Z] NAV http://localhost:3003/chat
[2026-07-29T19:05:00.736Z] NAV http://localhost:3003/chat
[2026-07-29T19:05:01.044Z] NAV http://localhost:3003/chat
[2026-07-29T19:05:01.346Z] NAV http://localhost:3003/chat
[2026-07-29T19:05:01.892Z] NAV http://localhost:3003/chat
[2026-07-29T19:05:02.228Z] NAV http://localhost:3003/chat
[2026-07-29T19:05:02.482Z] NAV http://localhost:3003/chat
[2026-07-29T19:05:02.995Z] NAV http://localhost:3003/chat
[2026-07-29T19:05:03.121Z] NAV http://localhost:3003/chat
[2026-07-29T19:05:03.467Z] NAV http://localhost:3003/chat
[2026-07-29T19:05:03.600Z] NAV http://localhost:3003/chat
[2026-07-29T19:05:03.929Z] NAV http://localhost:3003/chat
[2026-07-29T19:05:04.518Z] NAV http://localhost:3003/chat
[2026-07-29T19:05:04.852Z] NAV http://localhost:3003/chat
[2026-07-29T19:05:05.520Z] NAV http://localhost:3003/chat
[2026-07-29T19:05:05.701Z] NAV http://localhost:3003/chat
[2026-07-29T19:05:05.949Z] NAV http://localhost:3003/chat
[2026-07-29T19:05:06.114Z] DEPOIS pensar-com-clareza: http://localhost:3003/chat
[2026-07-29T19:05:06.115Z] ANTES campo-mensagem: http://localhost:3003/chat
[2026-07-29T19:05:06.204Z] NAV http://localhost:3003/chat
[2026-07-29T19:05:06.988Z] NAV http://localhost:3003/chat
[2026-07-29T19:05:07.211Z] NAV http://localhost:3003/chat
[2026-07-29T19:05:07.373Z] NAV http://localhost:3003/chat
[2026-07-29T19:05:07.838Z] NAV http://localhost:3003/chat
[2026-07-29T19:05:08.045Z] NAV http://localhost:3003/chat
[2026-07-29T19:05:08.369Z] NAV http://localhost:3003/chat
[2026-07-29T19:05:08.553Z] NAV http://localhost:3003/chat
[2026-07-29T19:05:08.834Z] NAV http://localhost:3003/chat
[2026-07-29T19:05:09.509Z] NAV http://localhost:3003/chat
[2026-07-29T19:05:09.811Z] NAV http://localhost:3003/chat
[2026-07-29T19:05:10.011Z] NAV http://localhost:3003/chat
[2026-07-29T19:05:10.426Z] NAV http://localhost:3003/chat
[2026-07-29T19:05:10.886Z] NAV http://localhost:3003/chat
[2026-07-29T19:05:11.196Z] NAV http://localhost:3003/chat
[2026-07-29T19:05:11.707Z] NAV http://localhost:3003/chat
[2026-07-29T19:05:11.965Z] NAV http://localhost:3003/chat
[2026-07-29T19:05:12.424Z] NAV http://localhost:3003/chat
[2026-07-29T19:05:12.746Z] NAV http://localhost:3003/chat
[2026-07-29T19:05:13.266Z] NAV http://localhost:3003/chat
[2026-07-29T19:05:13.581Z] NAV http://localhost:3003/chat
[2026-07-29T19:05:13.770Z] NAV http://localhost:3003/chat
[2026-07-29T19:05:14.179Z] NAV http://localhost:3003/chat
[2026-07-29T19:05:14.632Z] NAV http://localhost:3003/chat
[2026-07-29T19:05:14.928Z] DEPOIS campo-mensagem: http://localhost:3003/chat